18.157.73.25 running emily 99daacf1-rider.codekata.proagile.link 2022-01-31 eu-north-1
