instances

0) ProjectorInstance(config_name='idea', dns_name='idea-c7f3aa50.codekata.proagile.link', coach='emily', region_name='ca-central-1', room=0, instance_id=None)
