room,region,id,url,team,comments
1,ca-central-1,,https://c7f3aa50-1-idea.codekata.proagile.link,,
2,ca-central-1,,https://c7f3aa50-1-idea.codekata.proagile.link,,
